// Jest Snapshot v1, https://goo.gl/fbAQLP

exports[`ExampleComponent renders the component 1`] = `
<div class="container">
  <div class="row justify-content-center">
    <div class="col-md-8">
      <div class="card">
        <div class="card-header">Example Component</div>
        <div class="card-body">
          I'm an example component.
        </div>
      </div>
    </div>
  </div>
</div>
`;
